18:43:56 **** Incremental Build of configuration Default for project Firmware_v2 ****
make all 
Build project...

make[1]: se entra en el directorio '/cygdrive/c/CIAA/Git_TDP1/Firmware_v2'
*** linking project Shi_Zeijer ***
   text	   data	    bss	    dec	    hex	filename
  24384	   1092	    316	  25792	   64c0	out/lpc4337_m4/Shi_Zeijer.axf
copy from `out/lpc4337_m4/Shi_Zeijer.axf' [elf32-littlearm] to `out/lpc4337_m4/Shi_Zeijer.bin' [binary]
*** post-build ***
make[1]: se sale del directorio '/cygdrive/c/CIAA/Git_TDP1/Firmware_v2'

Build complete.


18:43:57 Build Finished (took 1s.154ms)

