09:57:42 **** Incremental Build of configuration Default for project Firmware_v2 ****
make 
Build project...

make[1]: se entra en el directorio '/cygdrive/c/CIAA/Git_TDP1/Firmware_v2'
*** linking project test_EEPROM ***
   text	   data	    bss	    dec	    hex	filename
  11632	      8	     68	  11708	   2dbc	out/lpc4337_m4/test_EEPROM.axf
copy from `out/lpc4337_m4/test_EEPROM.axf' [elf32-littlearm] to `out/lpc4337_m4/test_EEPROM.bin' [binary]
*** post-build ***
make[1]: se sale del directorio '/cygdrive/c/CIAA/Git_TDP1/Firmware_v2'

Build complete.

